exports[`ResponsiveImage Snapshot tests default state (empty) 1`] = `
<img
  alt="this is alt text"
  className=""
  data-aos="fade"
  src="my-img.jpg" />
`;

exports[`ResponsiveImage Snapshot tests renders in desktop XL 1`] = `
<img
  alt="this is alt text"
  className=""
  data-aos="fade"
  src="my-img.jpg" />
`;

exports[`ResponsiveImage Snapshot tests renders in desktop XL 2`] = `
<img
  alt="this is alt text"
  className=""
  data-aos="fade"
  src="my-img.jpg" />
`;

exports[`ResponsiveImage Snapshot tests renders in desktop large 1`] = `
<img
  alt="this is alt text"
  className=""
  data-aos="fade"
  src="my-img.jpg" />
`;

exports[`ResponsiveImage Snapshot tests renders in desktop standard 1`] = `
<img
  alt="this is alt text"
  className=""
  data-aos="fade"
  src="my-img.jpg" />
`;

exports[`ResponsiveImage Snapshot tests renders in mobile 1`] = `
<img
  alt="this is alt text"
  className=""
  data-aos="fade"
  src="my-img.jpg" />
`;

exports[`ResponsiveImage Snapshot tests renders in tablet 1`] = `
<img
  alt="this is alt text"
  className=""
  data-aos="fade"
  src="my-img.jpg" />
`;
